2025-11-22 13:06:11,920 - POS_SYSTEM - INFO - Sistema POS iniciado
2025-11-22 13:06:11,945 - DatabaseConnection - INFO - 🔍 DEBUG - Intentando leer: C:\Users\USER\AppData\Roaming\SistemaPOS\config\database.json
2025-11-22 13:06:11,946 - DatabaseConnection - INFO - 🔍 DEBUG - ¿Archivo existe?: True
2025-11-22 13:06:11,947 - DatabaseConnection - INFO - ✅ Configuración cargada desde: C:\Users\USER\AppData\Roaming\SistemaPOS\config\database.json
2025-11-22 13:06:11,947 - DatabaseConnection - INFO - 🔍 DEBUG - Contenido leído: {'max_connections': '10', 'timeout': '30', 'host': 'localhost', 'port': '3306', 'name': 'pos_system', 'user': 'root', 'password': 'D3v3l0p3r@@$'}
2025-11-22 13:06:11,947 - MainController - INFO - Sistema POS iniciado
2025-11-22 13:06:11,947 - MainController - INFO - Iniciando aplicación POS
2025-11-22 13:06:11,947 - MainController - INFO - Mostrando pantalla de login
2025-11-22 13:06:12,075 - utils.AutoScaler - INFO - 🖥️  Resolución: 1366x768
2025-11-22 13:06:12,076 - utils.AutoScaler - INFO - 📊 Factor de escala: 0.71
2025-11-22 13:06:15,181 - AuthController - INFO - Intento de login para usuario: admin
2025-11-22 13:06:15,282 - DatabaseConnection - INFO - 🔍 DEBUG - Config completa: {'max_connections': '10', 'timeout': '30', 'host': 'localhost', 'port': '3306', 'name': 'pos_system', 'user': 'root', 'password': 'D3v3l0p3r@@$'}
2025-11-22 13:06:15,282 - DatabaseConnection - INFO - 🔍 DEBUG - Contraseña leída: ************ (12 caracteres)
2025-11-22 13:06:15,282 - DatabaseConnection - INFO - 🔌 Conectando a MySQL: root@localhost:3306/pos_system
2025-11-22 13:06:15,442 - DatabaseConnection - INFO - ✅ Conectado a MySQL Server version 8.0.41
2025-11-22 13:06:15,445 - DatabaseConnection - INFO - ✅ Ya existe una conexión activa
2025-11-22 13:06:15,448 - model.UserModel - INFO - 🔧 BaseModel.update - Table: users, ID: 1
2025-11-22 13:06:15,448 - model.UserModel - INFO - 🔧 BaseModel.update - Data: {'failed_attempts': 0, 'locked_until': None, 'last_login': datetime.datetime(2025, 11, 22, 13, 6, 15, 446277), 'updated_at': datetime.datetime(2025, 11, 22, 13, 6, 15, 448550)}
2025-11-22 13:06:15,453 - model.UserModel - INFO - 🔧 BaseModel.update - Rows affected: 1
2025-11-22 13:06:15,453 - DatabaseConnection - INFO - ✅ Ya existe una conexión activa
2025-11-22 13:06:15,455 - model.UserModel - INFO - Usuario autenticado exitosamente: admin
2025-11-22 13:06:17,461 - DatabaseConnection - INFO - ✅ Ya existe una conexión activa
2025-11-22 13:06:17,474 - model.AuthModel - WARNING - No se pudo registrar actividad: No module named 'models.activity_log_model'
2025-11-22 13:06:17,474 - model.AuthModel - INFO - Sesión creada para usuario: admin
2025-11-22 13:06:20,500 - MainController - INFO - Login exitoso para admin: admin
2025-11-22 13:06:23,225 - controller.RoleController - INFO - Obteniendo todos los roles (incluir inactivos: True)
2025-11-22 13:06:23,226 - DatabaseConnection - INFO - ✅ Ya existe una conexión activa
2025-11-22 13:06:23,237 - controller.RoleController - INFO - Se obtuvieron 12 roles
2025-11-22 13:06:23,238 - DatabaseConnection - INFO - ✅ Ya existe una conexión activa
2025-11-22 13:06:27,935 - model.ProductModel - INFO - Se obtuvieron 10 productos
2025-11-22 13:06:31,055 - MainController - INFO - Cerrando aplicación POS
2025-11-22 13:06:31,056 - DatabaseConnection - INFO - ✅ Ya existe una conexión activa
2025-11-22 13:06:31,057 - model.AuthModel - INFO - 🔧 BaseModel.update - Table: user_sessions, ID: 440
2025-11-22 13:06:31,057 - model.AuthModel - INFO - 🔧 BaseModel.update - Data: {'is_active': False, 'logout_time': datetime.datetime(2025, 11, 22, 13, 6, 31, 56202), 'logout_reason': 'cleanup'}
2025-11-22 13:06:31,061 - model.AuthModel - INFO - 🔧 BaseModel.update - Rows affected: 1
2025-11-22 13:06:31,063 - model.AuthModel - WARNING - No se pudo registrar actividad: No module named 'models.activity_log_model'
2025-11-22 13:06:31,063 - model.AuthModel - INFO - Sesión cerrada para usuario: admin
2025-11-22 13:06:31,063 - MainController - INFO - Logout de usuario admin, razón: cleanup
2025-11-22 13:06:31,100 - AuthController - INFO - Logout exitoso para: admin
2025-11-22 13:06:31,120 - AuthController - INFO - Controlador de autenticación limpiado
2025-11-22 13:06:31,120 - MainController - INFO - Aplicación cerrada correctamente
