2025-09-30 12:13:20 - INFO - Intento de login para usuario: admin
2025-09-30 12:13:20 - ERROR - Error inesperado: 'database'
2025-09-30 12:13:20 - ERROR - Error inesperado: 'database'
2025-09-30 12:13:20 - INFO - Usuario autenticado exitosamente: admin
2025-09-30 12:13:20 - ERROR - Error inesperado: 'database'
2025-09-30 12:13:20 - INFO - Intentando reconectar a la base de datos...
2025-09-30 12:13:20 - ERROR - Error inesperado: 'database'
2025-09-30 12:13:20 - INFO - Sesión creada para usuario: admin
2025-09-30 12:13:23 - INFO - Login completado para: admin
2025-09-30 13:25:51 - ERROR - Error inesperado: 'database'
2025-09-30 13:25:51 - ERROR - Error inesperado: 'database'
2025-09-30 13:43:43 - ERROR - Error inesperado: 'database'
2025-09-30 13:43:43 - ERROR - Error inesperado: 'database'
2025-09-30 13:43:43 - ERROR - Error inesperado: 'database'
2025-09-30 13:43:43 - ERROR - Error inesperado: 'database'
2025-09-30 13:43:43 - INFO - Obteniendo todos los roles (incluir inactivos: False)
2025-09-30 13:43:43 - ERROR - Error inesperado: 'database'
2025-09-30 13:43:43 - INFO - Intentando reconectar a la base de datos...
2025-09-30 13:43:43 - ERROR - Error inesperado: 'database'
2025-09-30 13:43:43 - INFO - Intentando reconectar a la base de datos...
2025-09-30 13:43:43 - ERROR - Error inesperado: 'database'
2025-09-30 13:43:43 - INFO - Intentando reconectar a la base de datos...
2025-09-30 13:43:43 - ERROR - Error inesperado: 'database'
2025-09-30 13:43:43 - INFO - Intentando reconectar a la base de datos...
2025-09-30 13:43:43 - ERROR - Error inesperado: 'database'
2025-09-30 13:43:43 - INFO - Intentando reconectar a la base de datos...
2025-09-30 13:43:43 - ERROR - Error inesperado: 'database'
2025-09-30 13:43:43 - INFO - Se obtuvieron 5 roles
2025-09-30 13:54:08 - INFO - Obteniendo todos los roles (incluir inactivos: True)
2025-09-30 13:54:08 - ERROR - Error inesperado: 'database'
2025-09-30 13:54:08 - INFO - Intentando reconectar a la base de datos...
2025-09-30 13:54:08 - ERROR - Error inesperado: 'database'
2025-09-30 13:54:08 - INFO - Intentando reconectar a la base de datos...
2025-09-30 13:54:08 - ERROR - Error inesperado: 'database'
2025-09-30 13:54:08 - INFO - Intentando reconectar a la base de datos...
2025-09-30 13:54:08 - ERROR - Error inesperado: 'database'
2025-09-30 13:54:08 - INFO - Intentando reconectar a la base de datos...
2025-09-30 13:54:08 - ERROR - Error inesperado: 'database'
2025-09-30 13:54:08 - INFO - Intentando reconectar a la base de datos...
2025-09-30 13:54:08 - ERROR - Error inesperado: 'database'
2025-09-30 13:54:08 - INFO - Se obtuvieron 5 roles
2025-09-30 13:54:08 - ERROR - Error inesperado: 'database'
2025-09-30 13:54:08 - INFO - Obteniendo todos los roles (incluir inactivos: False)
2025-09-30 13:54:08 - ERROR - Error inesperado: 'database'
2025-09-30 13:54:08 - INFO - Intentando reconectar a la base de datos...
2025-09-30 13:54:08 - ERROR - Error inesperado: 'database'
2025-09-30 13:54:08 - INFO - Intentando reconectar a la base de datos...
2025-09-30 13:54:08 - ERROR - Error inesperado: 'database'
2025-09-30 13:54:08 - INFO - Intentando reconectar a la base de datos...
2025-09-30 13:54:08 - ERROR - Error inesperado: 'database'
2025-09-30 13:54:08 - INFO - Intentando reconectar a la base de datos...
2025-09-30 13:54:08 - ERROR - Error inesperado: 'database'
2025-09-30 13:54:08 - INFO - Intentando reconectar a la base de datos...
2025-09-30 13:54:08 - ERROR - Error inesperado: 'database'
2025-09-30 13:54:08 - INFO - Se obtuvieron 5 roles
2025-09-30 13:54:08 - ERROR - Error inesperado: 'database'
2025-09-30 13:54:08 - ERROR - Error inesperado: 'database'
2025-09-30 13:54:08 - ERROR - Error inesperado: 'database'
2025-09-30 13:54:08 - ERROR - Error inesperado: 'database'
2025-09-30 13:54:08 - ERROR - Error inesperado: 'database'
2025-09-30 13:54:08 - ERROR - Error inesperado: 'database'
2025-09-30 13:54:08 - ERROR - Error inesperado: 'database'
2025-09-30 13:54:08 - ERROR - Error inesperado: 'database'
2025-09-30 13:54:08 - ERROR - Error inesperado: 'database'
2025-09-30 13:54:08 - ERROR - Error inesperado: 'database'
2025-09-30 13:54:08 - ERROR - Error inesperado: 'database'
2025-09-30 13:54:08 - ERROR - Error inesperado: 'database'
2025-09-30 13:54:08 - ERROR - Error inesperado: 'database'
2025-09-30 13:54:08 - ERROR - Error inesperado: 'database'
2025-09-30 13:54:08 - ERROR - Error inesperado: 'database'
